2026-03-15T09:13:04.002Z [INFO] [WATCHDOG] Client alive — state: CONNECTED
2026-03-15T09:15:04.008Z [INFO] [WATCHDOG] Client alive — state: CONNECTED
2026-03-15T09:15:11.387Z [SUCCESS] [STATUS] WhatsApp client is ready
2026-03-15T09:15:11.389Z [SUCCESS] [STATUS] WhatsApp client is ready
2026-03-15T09:15:11.389Z [SUCCESS] [STATUS] WhatsApp client is ready
2026-03-15T09:15:11.390Z [SUCCESS] [STATUS] WhatsApp client is ready
2026-03-15T11:16:36.210Z [ERROR] [INIT] initialize() failed on startup: Protocol error (Runtime.callFunctionOn): Execution context was destroyed. — retrying in 10 s...
2026-03-15T11:16:46.212Z [ERROR] [WATCHDOG] Destroying stale client...
2026-03-15T11:16:51.448Z [INFO] [WATCHDOG] Re-initialising WhatsApp client...
2026-03-15T11:17:31.016Z [SUCCESS] [STATUS] WhatsApp client is ready
2026-03-15T11:17:32.608Z [INFO] [MSG] "status" from Pooja Othiyan: 
2026-03-15T11:17:32.610Z [INFO] [MSG] "status" from Pooja Othiyan: 
2026-03-15T11:17:32.611Z [INFO] [MSG] "status" from Pooja Othiyan: 
2026-03-15T11:17:32.611Z [INFO] [MSG] "status" from Pooja Othiyan: 
2026-03-15T11:17:32.612Z [INFO] [MSG] "status" from Pooja Othiyan: Dhan dhan baba deep Singh ji waheguru ji waheguru ji waheguru ji waheguru ji waheguru ji waheguru ji
2026-03-15T11:17:32.614Z [INFO] [MSG] "status" from Papa: I MISS MY DADI JI | MEET MY FAMILY VLOG
https://youtu.be/LtJgjVvmflY
2026-03-15T11:17:32.615Z [INFO] [MSG] "status" from Sapna: Waheguru ji
2026-03-15T11:17:32.619Z [INFO] [MSG] "status" from Sapna: Waheguru ji
2026-03-15T11:17:32.622Z [INFO] [MSG] "status" from Sapna: Dhan Dhan Baba Deep Singh ji
2026-03-15T11:17:32.623Z [INFO] [MSG] "status" from Sapna: 
2026-03-15T11:17:32.624Z [INFO] [MSG] "status" from Sapna: 
2026-03-15T11:17:32.626Z [INFO] [MSG] "status" from Sapna: 
2026-03-15T11:17:32.627Z [INFO] [MSG] "status" from Sapna: 
2026-03-15T11:17:32.628Z [INFO] [MSG] "status" from Sapna: 
2026-03-15T11:17:32.628Z [INFO] [MSG] "status" from Kashish Gupta (Doctor): 
2026-03-15T11:18:01.022Z [ERROR] [AUTO] Failed syncing unread counts: [TIMEOUT] sync unread getChats did not respond within 30000 ms
2026-03-15T11:19:01.046Z [ERROR] [AUTO] Failed syncing unread counts: Attempted to use detached Frame '81A093448941C4C43002F92FCEAFA8AF'.
2026-03-15T11:19:38.576Z [SUCCESS] [STATUS] WhatsApp client is ready
2026-03-15T11:20:08.589Z [ERROR] [AUTO] Failed syncing unread counts: [TIMEOUT] sync unread getChats did not respond within 30000 ms
2026-03-15T11:20:47.999Z [INFO] [LOGOUT] Logging out WhatsApp session...
2026-03-15T11:20:48.025Z [ERROR] [PUPPETEER] Page closed unexpectedly — restarting...
